  Determining projects to restore...
  All projects are up-to-date for restore.
  CarRental.Api -> C:\aegis-ao\rental\aegis-ao-rental\CarRental.Api\bin\Debug\net9.0\CarRental.Api.dll
  CarRental.Tests -> C:\aegis-ao\rental\aegis-ao-rental\CarRental.Tests\bin\Debug\net9.0\CarRental.Tests.dll
Test run for C:\aegis-ao\rental\aegis-ao-rental\CarRental.Tests\bin\Debug\net9.0\CarRental.Tests.dll (.NETCoreApp,Version=v9.0)
VSTest version 17.14.1 (x64)

Starting test execution, please wait...
A total of 1 test files matched the specified pattern.

Passed!  - Failed:     0, Passed:   422, Skipped:     0, Total:   422, Duration: 53 s - CarRental.Tests.dll (net9.0)

Workload updates are available. Run `dotnet workload list` for more information.
